Matt was added
They are player number 1
Bron was added
They are player number 2
