Matt was added
They are player number 1
Matt is the current player
They have rolled a 4
Matt's new location is 4
The category is Pop
Pop Question 0
