Matt was added
They are player number 1
Matt is the current player
They have rolled a 2
Matt's new location is 2
The category is Sports
Sports Question 0
