Matt was added
They are player number 1
Matt is the current player
They have rolled a 3
Matt's new location is 3
The category is Rock
Rock Question 0
