Matt was added
They are player number 1
Matt is the current player
They have rolled a 6
Matt's new location is 6
The category is Sports
Sports Question 0
