Matt was added
They are player number 1
Answer was corrent!!!!
Matt now has 1 Gold Coins.
