Matt was added
They are player number 1
Question was incorrectly answered
Matt was sent to the penalty box
